patch-manual.js.tsx(1287,10): error TS17008: JSX element 'AdminGuard' has no corresponding closing tag.
patch-manual.js.tsx(1288,14): error TS17008: JSX element 'AdminLayout' has no corresponding closing tag.
patch-manual.js.tsx(1925,49): error TS1381: Unexpected token. Did you mean `{'}'}` or `&rbrace;`?
patch-manual.js.tsx(1925,51): error TS1381: Unexpected token. Did you mean `{'}'}` or `&rbrace;`?
patch-manual.js.tsx(1926,47): error TS17002: Expected corresponding JSX closing tag for 'DraggablePassengerItem'.
patch-manual.js.tsx(1927,41): error TS1005: ')' expected.
patch-manual.js.tsx(1929,33): error TS1381: Unexpected token. Did you mean `{'}'}` or `&rbrace;`?
patch-manual.js.tsx(1929,35): error TS1381: Unexpected token. Did you mean `{'}'}` or `&rbrace;`?
patch-manual.js.tsx(1931,26): error TS1381: Unexpected token. Did you mean `{'}'}` or `&rbrace;`?
patch-manual.js.tsx(1932,23): error TS17002: Expected corresponding JSX closing tag for 'DroppableShuttleRun'.
patch-manual.js.tsx(1934,17): error TS1005: ',' expected.
patch-manual.js.tsx(1936,17): error TS1005: ')' expected.
patch-manual.js.tsx(2248,15): error TS17002: Expected corresponding JSX closing tag for 'div'.
patch-manual.js.tsx(2251,9): error TS1005: ')' expected.
patch-manual.js.tsx(2251,11): error TS17002: Expected corresponding JSX closing tag for 'div'.
patch-manual.js.tsx(2253,1): error TS1381: Unexpected token. Did you mean `{'}'}` or `&rbrace;`?
patch-manual.js.tsx(2254,1): error TS1005: '</' expected.
